src/components/CollaborationModal.tsx(196,27): error TS2339: Property 'icon' does not exist on type 'CreditHistoryRecord'.
